==== daily start 2026-08-05 08:07:41 ====
闂ㄥ簵娓呭崟锛?5 瀹?   閲囬泦鏃ユ湡锛?026-08-04

鎵撳紑鍚庡彴锛岀瓑鍓嶇鑷繁鍙戜竴娆¤姹傦紙鎶撳弬鏁版ā鏉匡級鈥︹€?
鉁?娌℃姄鍒扮粡钀ユ暟鎹姹傦紝鍙兘鍚庡彴鏀圭増銆傚仠涓嬶紝涓嶇紪鏁版嵁銆?
闂ㄥ簵娓呭崟锛?5 瀹?   閲囬泦鏃ユ湡锛?026-08-04

鎵撳紑鍚庡彴鈥︹€?
鍒囧埌绗竴瀹跺簵锛?鍙烽殕姹熺尓鑴氶キ锛堟按浜曟矡搴楋級 / 30407368锛夋墦寮€鍗曞簵瑙嗚鈥︹€?
鉁?selectCurrentPoi 璋冪敤澶辫触锛歍ypeError: window.selectCurrentPoi is not a function
闂ㄥ簵娓呭崟锛?5 瀹?   閲囬泦鏃ユ湡锛?026-08-04锛坉ate鍙傛暟=2锛?

鎵撳紑鍚庡彴鈥︹€?
鍒囧埌 椋熺璁帮紙鐗涜倝闈?璞屾潅闈級 / 32728790 鎵撳紑鍗曞簵瑙嗚锛屾姄妯℃澘鈥︹€?
鉁?selectCurrentPoi 璋冪敤澶辫触锛歍ypeError: window.selectCurrentPoi is not a function
闂ㄥ簵娓呭崟锛?5 瀹?   瀹為檯鑳介噰鍒扮殑鏃ユ湡锛?026-08-04

鎵撳紑鍚庡彴鈥︹€?
鍒囧埌 椋熺璁帮紙鐗涜倝闈?璞屾潅闈級 / 32728790 鎵撳紑鍗曞簵瑙嗚鈥︹€?
鉁?selectCurrentPoi 璋冪敤澶辫触锛歍ypeError: window.selectCurrentPoi is not a function
闂ㄥ簵娓呭崟锛?5 瀹?   閲囬泦鏃ユ湡锛?026-08-04

鎵撳紑鍚庡彴鈥︹€?
鍒囧埌 椋熺璁帮紙鐗涜倝闈?璞屾潅闈級 / 32728790 鎵撳紑鍗曞簵瑙嗚锛屾姄妯℃澘鈥︹€?
鉁?selectCurrentPoi 璋冪敤澶辫触锛歍ypeError: window.selectCurrentPoi is not a function
鉁?娌℃壘鍒?20260804 鐨勬暟鎹?
==================================================
  缇庡洟閲囬泦鍣?路 涓€閿噰闆?  鏃ユ湡锛?026-08-04
==================================================
闂ㄥ簵娓呭崟锛?5 瀹讹紙鏍囥€岄噰銆嶇殑锛?

鈹€鈹€鈹€鈹€鈹€ 閲囥€愮粡钀ユ暟鎹€?鈹€鈹€鈹€鈹€鈹€
  馃攳 闂ㄥ簵瑕嗙洊鐜囨鏌ワ細缁忚惀鏁版嵁 0/35 瀹讹紙0%锛夛紝涓嶈冻
鈹€鈹€鈹€鈹€鈹€ 缁忚惀鏁版嵁 鐢ㄦ椂 14 绉?鈹€鈹€鈹€鈹€鈹€

鈹€鈹€鈹€鈹€鈹€ 閲囥€愬弻杞€?鈹€鈹€鈹€鈹€鈹€
鈹€鈹€鈹€鈹€鈹€ 鍙岃浆 鐢ㄦ椂 6 绉?鈹€鈹€鈹€鈹€鈹€

鈹€鈹€鈹€鈹€鈹€ 閲囥€愭帹骞裤€?鈹€鈹€鈹€鈹€鈹€
鈹€鈹€鈹€鈹€鈹€ 鎺ㄥ箍 鐢ㄦ椂 18 绉?鈹€鈹€鈹€鈹€鈹€

鈹€鈹€鈹€鈹€鈹€ 閲囥€愯涓氥€?鈹€鈹€鈹€鈹€鈹€
鈹€鈹€鈹€鈹€鈹€ 琛屼笟 鐢ㄦ椂 16 绉?鈹€鈹€鈹€鈹€鈹€

鈹€鈹€鈹€鈹€鈹€ 閲囥€愬樊璇勩€?鈹€鈹€鈹€鈹€鈹€
鈹€鈹€鈹€鈹€鈹€ 宸瘎 鐢ㄦ椂 6 绉?鈹€鈹€鈹€鈹€鈹€

鈹€鈹€鈹€鈹€鈹€ 鐢熸垚鐪嬫澘 鈹€鈹€鈹€鈹€鈹€

鉂?缁忚惀鏁版嵁闂ㄥ簵瑕嗙洊鐜囦笉瓒?90%锛屾嫤鎴帹閫併€?
   缃戠珯淇濈暀鏄ㄥぉ鐨勬暟鎹笉鍙樸€?
   璇锋鏌ユ棩蹇楋細logs/鑷姩璺?log

==================================================
  鍏ㄩ儴瀹屾垚锛屾€荤敤鏃?1.0 鍒嗛挓
    鉁?闂ㄥ簵涓嶈冻(0/35)  缁忚惀鏁版嵁  (14s)
    鉁?鐮?)  鍙岃浆  (6s)
    鉁?鐮?)  鎺ㄥ箍  (18s)
    鉁?鐮?)  琛屼笟  (16s)
    鉁?鐮?)  宸瘎  (6s)
    鉀?宸叉嫤鎴?闂ㄥ簵涓嶈冻)  鎺ㄩ€佺綉绔? (0s)
  鐪嬫澘锛氱湅鏉?瀹㈡埛鐪嬫澘_20260804.html

  鈿?缁忚惀鏁版嵁涓嶅叏锛岀綉绔欐湭鎺ㄩ€併€?
==================================================
==== daily end 2026-08-05 08:08:42 rc=3 ====
